// Jest Snapshot v1, https://goo.gl/fbAQLP

exports[`Es hora de las instantaneas Snapshot 1`] = `
Object {
  "gender": "Male",
  "id": 1,
  "name": "Rick Sanches",
  "species": "Human",
  "status": "Alive",
}
`;

exports[`Es hora de las instantaneas permitimos una expecion 1`] = `
Object {
  "id": Any<Number>,
  "name": "Rocio Matias",
}
`;

exports[`Es hora de las instantaneas siempre fallara la instantanea 1`] = `
Object {
  "createAt": 2020-07-07T03:51:42.647Z,
  "id": 18,
}
`;
